60fdba63 0
c614e44d 149
ff4095a1 38
60fdba63 0
90adba63 4
ff4095a1 38
3
