376f7f4d 33
47cd69e4 33
5d5c3b04 28
60fdba63 24
c614e44d 38
ff4095a1 38
c614e44d 38
376f7f4d 33
47cd69e4 33
5d5c3b04 38
60fdba63 24
c614e44d 38
ff4095a1 38
5d5c3b04 38
c614e44d 38
5
