84f30a3a 96
1234553a 1
a234553a 2
1234553a 1
1234553a 1
1
