60fdba63 0
376f7f4d 29
47cd69e4 223
5d5c3b04 28
60fdba63 251
c614e44d 185
ff4095a1 38
376f7f4d 29
47cd69e4 223
5d5c3b04 28
60fdba63 251
c614e44d 185
ff4095a1 38
6
