b7ff5656 603
4ce4b67f 843
d9504e74 1055
cf6bf65b 1118
cf6bf65b 1118
cf6bf65b 1118
cf6bf65b 1118
41e46b24 1131
356ceae8 1094
356ceae8 1094
356ceae8 1094
356ceae8 1094
356ceae8 1094
356ceae8 1094
356ceae8 1094
356ceae8 1094
356ceae8 1094
356ceae8 1094
356ceae8 1094
356ceae8 1094
356ceae8 1094
356ceae8 1094
356ceae8 1094
356ceae8 1094
356ceae8 1094
a80907ae 1080
a80907ae 1080
a80907ae 1080
a80907ae 1080
a80907ae 1080
a80907ae 1080
a80907ae 1080
a80907ae 1080
a80907ae 1080
a80907ae 1080
4cd1886e 1078
f46e10e6 1074
13d866fe 1055
3cf32e67 1033
dd5233fa 1023
cd344794 1000
6ec9f418 986
fd0eba2b 981
019dfa43 979
d155caf6 958
744a4a3d 957
5000
