c614e44d 38
5d5c3b04 38
c614e44d 38
ff4095a1 38
376f7f4d 33
2
